app/[domain]/(client)/cart/page.tsx(48,17): error TS2322: Type '{ contactPhone: string; contactEmail: string; contactAddress: string; shopName: string; logoUrl: string; measurementUnit: string; allergensText: string; certificates: unknown[]; primaryColor: string; ... 31 more ...; slug: string; } | { ...; } | { ...; } | { ...; } | null' is not assignable to type 'SiteConfig | null'.
  Type '{ contactPhone: string; contactEmail: string; contactAddress: string; shopName: string; logoUrl: string; measurementUnit: string; allergensText: string; certificates: unknown[]; primaryColor: string; ... 33 more ...; plan: string; }' is not assignable to type 'SiteConfig'.
    Types of property 'invoiceDetails' are incompatible.
      Type 'JsonObject' is missing the following properties from type '{ showSeller: boolean; showBuyer: boolean; showSignature: boolean; watermarkOpacity: number; fontSize: number; showQr: boolean; showLogo: boolean; }': showSeller, showBuyer, showSignature, watermarkOpacity, and 3 more.
app/[domain]/(client)/page.tsx(21,13): error TS2322: Type '{ contactPhone: string; contactEmail: string; contactAddress: string; shopName: string; logoUrl: string; measurementUnit: string; allergensText: string; certificates: unknown[]; primaryColor: string; ... 31 more ...; slug: string; } | { ...; } | { ...; } | { ...; }' is not assignable to type 'SiteConfig'.
  Type '{ contactPhone: string; contactEmail: string; contactAddress: string; shopName: string; logoUrl: string; measurementUnit: string; allergensText: string; certificates: unknown[]; primaryColor: string; ... 33 more ...; plan: string; }' is not assignable to type 'SiteConfig'.
    Types of property 'invoiceDetails' are incompatible.
      Type 'JsonObject' is missing the following properties from type '{ showSeller: boolean; showBuyer: boolean; showSignature: boolean; watermarkOpacity: number; fontSize: number; showQr: boolean; showLogo: boolean; }': showSeller, showBuyer, showSignature, watermarkOpacity, and 3 more.
app/[domain]/admin/layout.tsx(61,96): error TS2322: Type '{ orders: { id: string; dbId: string; date: string; customer: string; phone: string; items: number; source: string; price: number; status: string; hubId: string | null; isRepeat: boolean; orderCount: number; stockDeducted: boolean; }[]; settings: { ...; } | { ...; }; products: { ...; }[]; }' is not assignable to type '{ orders?: AdminOrder[] | undefined; products?: AdminProduct[] | undefined; settings?: SiteConfig | undefined; }'.
  Types of property 'settings' are incompatible.
    Type '{ contactPhone: string; contactEmail: string; contactAddress: string; shopName: string; logoUrl: string; measurementUnit: string; allergensText: string; certificates: unknown[]; primaryColor: string; ... 33 more ...; plan: string; } | { ...; }' is not assignable to type 'SiteConfig | undefined'.
      Type '{ contactPhone: string; contactEmail: string; contactAddress: string; shopName: string; logoUrl: string; measurementUnit: string; allergensText: string; certificates: unknown[]; primaryColor: string; ... 33 more ...; plan: string; }' is not assignable to type 'SiteConfig'.
        Types of property 'invoiceDetails' are incompatible.
          Type 'JsonObject' is missing the following properties from type '{ showSeller: boolean; showBuyer: boolean; showSignature: boolean; watermarkOpacity: number; fontSize: number; showQr: boolean; showLogo: boolean; }': showSeller, showBuyer, showSignature, watermarkOpacity, and 3 more.
components/client/GlobalCheckoutDrawer.tsx(269,30): error TS2345: Argument of type 'Dispatch<SetStateAction<SiteConfig | null>>' is not assignable to parameter of type '(value: { contactPhone: string; contactEmail: string; contactAddress: string; shopName: string; logoUrl: string; measurementUnit: string; allergensText: string; certificates: unknown[]; primaryColor: string; ... 31 more ...; slug: string; } | { ...; } | { ...; } | { ...; }) => void | PromiseLike<...>'.
  Types of parameters 'value' and 'value' are incompatible.
    Type '{ contactPhone: string; contactEmail: string; contactAddress: string; shopName: string; logoUrl: string; measurementUnit: string; allergensText: string; certificates: unknown[]; primaryColor: string; ... 31 more ...; slug: string; } | { ...; } | { ...; } | { ...; }' is not assignable to type 'SetStateAction<SiteConfig | null>'.
      Type '{ contactPhone: string; contactEmail: string; contactAddress: string; shopName: string; logoUrl: string; measurementUnit: string; allergensText: string; certificates: unknown[]; primaryColor: string; ... 33 more ...; plan: string; }' is not assignable to type 'SetStateAction<SiteConfig | null>'.
        Type '{ contactPhone: string; contactEmail: string; contactAddress: string; shopName: string; logoUrl: string; measurementUnit: string; allergensText: string; certificates: unknown[]; primaryColor: string; ... 33 more ...; plan: string; }' is not assignable to type 'SiteConfig'.
          Types of property 'invoiceDetails' are incompatible.
            Type 'JsonObject' is missing the following properties from type '{ showSeller: boolean; showBuyer: boolean; showSignature: boolean; watermarkOpacity: number; fontSize: number; showQr: boolean; showLogo: boolean; }': showSeller, showBuyer, showSignature, watermarkOpacity, and 3 more.
